
> vynce@1.0.0 build
> next build

   Γû▓ Next.js 15.5.7

   Creating an optimized production build ...
 Γ£ô Compiled successfully in 43s
   Linting and checking validity of types ...
node.exe : 
At line:1 char:1
+ & "C:\Program Files\nodejs/node.exe" "C:\Program Files\nodejs/node_mo ...
+ ~~~~~~~~~~~~~~~~~~~~~~~~~~~~~~~~~~~~~~~~~~~~~~~~~~~~~~~~~~~~~~~~~~~~~
    + CategoryInfo          : NotSpecified: (:String) [], RemoteException
    + FullyQualifiedErrorId : NativeCommandError
 
 ΓÜá The Next.js plugin was not detected in your ESLint configuration. See 
https://nextjs.org/docs/app/api-reference/config/eslint#migrating-existing-config

Failed to compile.

./app/auth/login/page.tsx
40:14  Warning: 'err' is defined but never used.  no-unused-vars
40:14  Warning: 'err' is defined but never used.  @typescript-eslint/no-unused-vars

./app/ecosystem/notifications/page.tsx
18:16  Warning: 'e' is defined but never used.  no-unused-vars
18:16  Warning: 'e' is defined but never used.  @typescript-eslint/no-unused-vars

./app/ecosystem/page.tsx
8:6  Warning: 'ShowcaseItem' is defined but never used. Allowed unused vars must 
match /^_/u.  no-unused-vars
8:6  Warning: 'ShowcaseItem' is defined but never used. Allowed unused vars must 
match /^_/u.  @typescript-eslint/no-unused-vars
14:10  Warning: 'Bolt' is defined but never used. Allowed unused vars must match 
/^_/u.  no-unused-vars
14:10  Warning: 'Bolt' is defined but never used. Allowed unused vars must match 
/^_/u.  @typescript-eslint/no-unused-vars
14:16  Warning: 'Coins' is defined but never used. Allowed unused vars must match 
/^_/u.  no-unused-vars
14:16  Warning: 'Coins' is defined but never used. Allowed unused vars must match 
/^_/u.  @typescript-eslint/no-unused-vars
76:16  Warning: 'err' is defined but never used.  no-unused-vars
76:16  Warning: 'err' is defined but never used.  @typescript-eslint/no-unused-vars
118:9  Warning: 'level' is assigned a value but never used. Allowed unused vars must 
match /^_/u.  no-unused-vars
118:9  Warning: 'level' is assigned a value but never used. Allowed unused vars must 
match /^_/u.  @typescript-eslint/no-unused-vars
119:9  Warning: 'xp' is assigned a value but never used. Allowed unused vars must 
match /^_/u.  no-unused-vars
119:9  Warning: 'xp' is assigned a value but never used. Allowed unused vars must 
match /^_/u.  @typescript-eslint/no-unused-vars

./app/ecosystem/profile/account/page.tsx
22:16  Warning: 'err' is defined but never used.  no-unused-vars
22:16  Warning: 'err' is defined but never used.  @typescript-eslint/no-unused-vars
34:14  Warning: 'err' is defined but never used.  no-unused-vars
34:14  Warning: 'err' is defined but never used.  @typescript-eslint/no-unused-vars

./app/ecosystem/profile/global-bio/page.tsx
23:16  Warning: 'err' is defined but never used.  no-unused-vars
23:16  Warning: 'err' is defined but never used.  @typescript-eslint/no-unused-vars
39:14  Warning: 'err' is defined but never used.  no-unused-vars
39:14  Warning: 'err' is defined but never used.  @typescript-eslint/no-unused-vars

./app/ecosystem/profile/page.tsx
17:16  Warning: 'err' is defined but never used.  no-unused-vars
17:16  Warning: 'err' is defined but never used.  @typescript-eslint/no-unused-vars

./app/ecosystem/settings/report/report-issue/page.tsx
29:13  Warning: 'res' is assigned a value but never used. Allowed unused vars must 
match /^_/u.  no-unused-vars
29:13  Warning: 'res' is assigned a value but never used. Allowed unused vars must 
match /^_/u.  @typescript-eslint/no-unused-vars

./app/ecosystem/store/page.tsx
33:13  Warning: 'res' is assigned a value but never used. Allowed unused vars must 
match /^_/u.  no-unused-vars
33:13  Warning: 'res' is assigned a value but never used. Allowed unused vars must 
match /^_/u.  @typescript-eslint/no-unused-vars

./components/drops/DropCard.tsx
25:3  Warning: 'isSaved' is assigned a value but never used. Allowed unused args must 
match /^_/u.  no-unused-vars
25:3  Warning: 'isSaved' is assigned a value but never used. Allowed unused args must 
match /^_/u.  @typescript-eslint/no-unused-vars
27:3  Warning: 'onDislike' is defined but never used. Allowed unused args must match 
/^_/u.  no-unused-vars
27:3  Warning: 'onDislike' is defined but never used. Allowed unused args must match 
/^_/u.  @typescript-eslint/no-unused-vars
31:3  Warning: 'variant' is assigned a value but never used. Allowed unused args must 
match /^_/u.  no-unused-vars
31:3  Warning: 'variant' is assigned a value but never used. Allowed unused args must 
match /^_/u.  @typescript-eslint/no-unused-vars

./components/layout/EcoHeader.tsx
9:11  Warning: 'theme' is assigned a value but never used. Allowed unused vars must 
match /^_/u.  no-unused-vars
9:11  Warning: 'theme' is assigned a value but never used. Allowed unused vars must 
match /^_/u.  @typescript-eslint/no-unused-vars

./components/layout/Sidebar.tsx
8:3  Warning: 'Bell' is defined but never used. Allowed unused vars must match /^_/u. 
 no-unused-vars
8:3  Warning: 'Bell' is defined but never used. Allowed unused vars must match /^_/u. 
 @typescript-eslint/no-unused-vars

./components/pages/CapsulesPage.tsx
3:27  Warning: 'useEffect' is defined but never used. Allowed unused vars must match 
/^_/u.  no-unused-vars
3:27  Warning: 'useEffect' is defined but never used. Allowed unused vars must match 
/^_/u.  @typescript-eslint/no-unused-vars

./components/pages/CreatorHubPage.tsx
65:14  Warning: 'err' is defined but never used.  no-unused-vars
65:14  Warning: 'err' is defined but never used.  @typescript-eslint/no-unused-vars
73:14  Warning: 'err' is defined but never used.  no-unused-vars
73:14  Warning: 'err' is defined but never used.  @typescript-eslint/no-unused-vars
165:9  Warning: 'tools' is assigned a value but never used. Allowed unused vars must 
match /^_/u.  no-unused-vars
165:9  Warning: 'tools' is assigned a value but never used. Allowed unused vars must 
match /^_/u.  @typescript-eslint/no-unused-vars

./components/pages/ExplorePage.tsx
93:39  Warning: 'idx' is defined but never used. Allowed unused args must match 
/^_/u.  no-unused-vars
93:39  Warning: 'idx' is defined but never used. Allowed unused args must match 
/^_/u.  @typescript-eslint/no-unused-vars
105:31  Warning: 'idx' is defined but never used. Allowed unused args must match 
/^_/u.  no-unused-vars
105:31  Warning: 'idx' is defined but never used. Allowed unused args must match 
/^_/u.  @typescript-eslint/no-unused-vars

./components/pages/fight/FightSearch.tsx
4:18  Warning: 'Filter' is defined but never used. Allowed unused vars must match 
/^_/u.  no-unused-vars
4:18  Warning: 'Filter' is defined but never used. Allowed unused vars must match 
/^_/u.  @typescript-eslint/no-unused-vars
4:26  Warning: 'TrendingUp' is defined but never used. Allowed unused vars must match 
/^_/u.  no-unused-vars
4:26  Warning: 'TrendingUp' is defined but never used. Allowed unused vars must match 
/^_/u.  @typescript-eslint/no-unused-vars
4:38  Warning: 'Zap' is defined but never used. Allowed unused vars must match /^_/u. 
 no-unused-vars
4:38  Warning: 'Zap' is defined but never used. Allowed unused vars must match /^_/u. 
 @typescript-eslint/no-unused-vars
4:50  Warning: 'CheckCircle' is defined but never used. Allowed unused vars must 
match /^_/u.  no-unused-vars
4:50  Warning: 'CheckCircle' is defined but never used. Allowed unused vars must 
match /^_/u.  @typescript-eslint/no-unused-vars
5:10  Warning: 'Flame' is defined but never used. Allowed unused vars must match 
/^_/u.  no-unused-vars
5:10  Warning: 'Flame' is defined but never used. Allowed unused vars must match 
/^_/u.  @typescript-eslint/no-unused-vars
11:19  Warning: 'fight' is defined but never used. Allowed unused args must match 
/^_/u.  no-unused-vars
98:11  Warning: 'toggleFightVote' is assigned a value but never used. Allowed unused 
vars must match /^_/u.  no-unused-vars
98:11  Warning: 'toggleFightVote' is assigned a value but never used. Allowed unused 
vars must match /^_/u.  @typescript-eslint/no-unused-vars
98:28  Warning: 'showToast' is assigned a value but never used. Allowed unused vars 
must match /^_/u.  no-unused-vars
98:28  Warning: 'showToast' is assigned a value but never used. Allowed unused vars 
must match /^_/u.  @typescript-eslint/no-unused-vars

./components/pages/fight/ResponsiveFightViewer.tsx
3:17  Warning: 'useState' is defined but never used. Allowed unused vars must match 
/^_/u.  no-unused-vars
3:17  Warning: 'useState' is defined but never used. Allowed unused vars must match 
/^_/u.  @typescript-eslint/no-unused-vars

./components/pages/fight/TextDebateViewer.tsx
5:3  Warning: 'MessageCircle' is defined but never used. Allowed unused vars must 
match /^_/u.  no-unused-vars
5:3  Warning: 'MessageCircle' is defined but never used. Allowed unused vars must 
match /^_/u.  @typescript-eslint/no-unused-vars

./components/pages/fight/VisualFightViewer.tsx
4:16  Warning: 'Users' is defined but never used. Allowed unused vars must match 
/^_/u.  no-unused-vars
4:16  Warning: 'Users' is defined but never used. Allowed unused vars must match 
/^_/u.  @typescript-eslint/no-unused-vars
4:45  Warning: 'Share2' is defined but never used. Allowed unused vars must match 
/^_/u.  no-unused-vars
4:45  Warning: 'Share2' is defined but never used. Allowed unused vars must match 
/^_/u.  @typescript-eslint/no-unused-vars
14:24  Warning: 'setLiveComments' is assigned a value but never used. Allowed unused 
vars must match /^_/u.  no-unused-vars
14:24  Warning: 'setLiveComments' is assigned a value but never used. Allowed unused 
vars must match /^_/u.  @typescript-eslint/no-unused-vars
19:10  Warning: 'relatedFights' is assigned a value but never used. Allowed unused 
vars must match /^_/u.  no-unused-vars
19:10  Warning: 'relatedFights' is assigned a value but never used. Allowed unused 
vars must match /^_/u.  @typescript-eslint/no-unused-vars

./components/pages/FightPage.tsx
9:3  Warning: 'Heart' is defined but never used. Allowed unused vars must match 
/^_/u.  no-unused-vars
9:3  Warning: 'Heart' is defined but never used. Allowed unused vars must match 
/^_/u.  @typescript-eslint/no-unused-vars
10:3  Warning: 'ThumbsDown' is defined but never used. Allowed unused vars must match 
/^_/u.  no-unused-vars
10:3  Warning: 'ThumbsDown' is defined but never used. Allowed unused vars must match 
/^_/u.  @typescript-eslint/no-unused-vars
11:3  Warning: 'Bookmark' is defined but never used. Allowed unused vars must match 
/^_/u.  no-unused-vars
11:3  Warning: 'Bookmark' is defined but never used. Allowed unused vars must match 
/^_/u.  @typescript-eslint/no-unused-vars
12:3  Warning: 'MessageCircle' is defined but never used. Allowed unused vars must 
match /^_/u.  no-unused-vars
12:3  Warning: 'MessageCircle' is defined but never used. Allowed unused vars must 
match /^_/u.  @typescript-eslint/no-unused-vars
13:3  Warning: 'Share2' is defined but never used. Allowed unused vars must match 
/^_/u.  no-unused-vars
13:3  Warning: 'Share2' is defined but never used. Allowed unused vars must match 
/^_/u.  @typescript-eslint/no-unused-vars
14:3  Warning: 'MoreVertical' is defined but never used. Allowed unused vars must 
match /^_/u.  no-unused-vars
14:3  Warning: 'MoreVertical' is defined but never used. Allowed unused vars must 
match /^_/u.  @typescript-eslint/no-unused-vars
16:3  Warning: 'Type' is defined but never used. Allowed unused vars must match 
/^_/u.  no-unused-vars
16:3  Warning: 'Type' is defined but never used. Allowed unused vars must match 
/^_/u.  @typescript-eslint/no-unused-vars
22:8  Warning: 'FightEngagement' is defined but never used. Allowed unused vars must 
match /^_/u.  no-unused-vars
22:8  Warning: 'FightEngagement' is defined but never used. Allowed unused vars must 
match /^_/u.  @typescript-eslint/no-unused-vars
23:8  Warning: 'TeamChat' is defined but never used. Allowed unused vars must match 
/^_/u.  no-unused-vars
23:8  Warning: 'TeamChat' is defined but never used. Allowed unused vars must match 
/^_/u.  @typescript-eslint/no-unused-vars
411:9  Warning: 'handleVote' is assigned a value but never used. Allowed unused vars 
must match /^_/u.  no-unused-vars
411:9  Warning: 'handleVote' is assigned a value but never used. Allowed unused vars 
must match /^_/u.  @typescript-eslint/no-unused-vars

./components/pages/HomePage.tsx
3:27  Warning: 'useEffect' is defined but never used. Allowed unused vars must match 
/^_/u.  no-unused-vars
3:27  Warning: 'useEffect' is defined but never used. Allowed unused vars must match 
/^_/u.  @typescript-eslint/no-unused-vars
65:5  Warning: 'currentCapsuleIndex' is assigned a value but never used. Allowed 
unused vars must match /^_/u.  no-unused-vars
65:5  Warning: 'currentCapsuleIndex' is assigned a value but never used. Allowed 
unused vars must match /^_/u.  @typescript-eslint/no-unused-vars

./components/pages/MessagesPage.tsx
14:10  Warning: 'useAppStore' is defined but never used. Allowed unused vars must 
match /^_/u.  no-unused-vars
14:10  Warning: 'useAppStore' is defined but never used. Allowed unused vars must 
match /^_/u.  @typescript-eslint/no-unused-vars

./components/pages/NotificationsPage.tsx
5:10  Warning: 'useAppStore' is defined but never used. Allowed unused vars must 
match /^_/u.  no-unused-vars
5:10  Warning: 'useAppStore' is defined but never used. Allowed unused vars must 
match /^_/u.  @typescript-eslint/no-unused-vars

./components/pages/ProfilePage.tsx
5:10  Warning: 'useAppStore' is defined but never used. Allowed unused vars must 
match /^_/u.  no-unused-vars
5:10  Warning: 'useAppStore' is defined but never used. Allowed unused vars must 
match /^_/u.  @typescript-eslint/no-unused-vars

./components/pages/VynceHousePage.tsx
16:3  Warning: 'Globe' is defined but never used. Allowed unused vars must match 
/^_/u.  no-unused-vars
16:3  Warning: 'Globe' is defined but never used. Allowed unused vars must match 
/^_/u.  @typescript-eslint/no-unused-vars
17:3  Warning: 'Zap' is defined but never used. Allowed unused vars must match /^_/u. 
 no-unused-vars
17:3  Warning: 'Zap' is defined but never used. Allowed unused vars must match /^_/u. 
 @typescript-eslint/no-unused-vars
18:3  Warning: 'User' is defined but never used. Allowed unused vars must match 
/^_/u.  no-unused-vars
18:3  Warning: 'User' is defined but never used. Allowed unused vars must match 
/^_/u.  @typescript-eslint/no-unused-vars
24:3  Warning: 'Edit2' is defined but never used. Allowed unused vars must match 
/^_/u.  no-unused-vars
24:3  Warning: 'Edit2' is defined but never used. Allowed unused vars must match 
/^_/u.  @typescript-eslint/no-unused-vars
26:3  Warning: 'Copy' is defined but never used. Allowed unused vars must match 
/^_/u.  no-unused-vars
26:3  Warning: 'Copy' is defined but never used. Allowed unused vars must match 
/^_/u.  @typescript-eslint/no-unused-vars
27:3  Warning: 'LogOut' is defined but never used. Allowed unused vars must match 
/^_/u.  no-unused-vars
27:3  Warning: 'LogOut' is defined but never used. Allowed unused vars must match 
/^_/u.  @typescript-eslint/no-unused-vars
85:14  Warning: 'err' is defined but never used.  no-unused-vars
85:14  Warning: 'err' is defined but never used.  @typescript-eslint/no-unused-vars
94:14  Warning: 'err' is defined but never used.  no-unused-vars
94:14  Warning: 'err' is defined but never used.  @typescript-eslint/no-unused-vars
102:14  Warning: 'err' is defined but never used.  no-unused-vars
102:14  Warning: 'err' is defined but never used.  @typescript-eslint/no-unused-vars

./components/pages/YourActivityPage.tsx
4:50  Warning: 'Zap' is defined but never used. Allowed unused vars must match /^_/u. 
 no-unused-vars
4:50  Warning: 'Zap' is defined but never used. Allowed unused vars must match /^_/u. 
 @typescript-eslint/no-unused-vars

./components/PostActions/capsules/Engagement.tsx
25:3  Warning: 'isDisliked' is assigned a value but never used. Allowed unused args 
must match /^_/u.  no-unused-vars
25:3  Warning: 'isDisliked' is assigned a value but never used. Allowed unused args 
must match /^_/u.  @typescript-eslint/no-unused-vars
26:3  Warning: 'isSaved' is assigned a value but never used. Allowed unused args must 
match /^_/u.  no-unused-vars
26:3  Warning: 'isSaved' is assigned a value but never used. Allowed unused args must 
match /^_/u.  @typescript-eslint/no-unused-vars
28:3  Warning: 'onDislike' is defined but never used. Allowed unused args must match 
/^_/u.  no-unused-vars
28:3  Warning: 'onDislike' is defined but never used. Allowed unused args must match 
/^_/u.  @typescript-eslint/no-unused-vars
31:3  Warning: 'onSave' is defined but never used. Allowed unused args must match 
/^_/u.  no-unused-vars
31:3  Warning: 'onSave' is defined but never used. Allowed unused args must match 
/^_/u.  @typescript-eslint/no-unused-vars

./components/PostActions/drops/Engagement.tsx
26:3  Warning: 'isDisliked' is assigned a value but never used. Allowed unused args 
must match /^_/u.  no-unused-vars
26:3  Warning: 'isDisliked' is assigned a value but never used. Allowed unused args 
must match /^_/u.  @typescript-eslint/no-unused-vars
27:3  Warning: 'isSaved' is assigned a value but never used. Allowed unused args must 
match /^_/u.  no-unused-vars
27:3  Warning: 'isSaved' is assigned a value but never used. Allowed unused args must 
match /^_/u.  @typescript-eslint/no-unused-vars
29:3  Warning: 'onDislike' is defined but never used. Allowed unused args must match 
/^_/u.  no-unused-vars
29:3  Warning: 'onDislike' is defined but never used. Allowed unused args must match 
/^_/u.  @typescript-eslint/no-unused-vars
32:3  Warning: 'onSave' is defined but never used. Allowed unused args must match 
/^_/u.  no-unused-vars
32:3  Warning: 'onSave' is defined but never used. Allowed unused args must match 
/^_/u.  @typescript-eslint/no-unused-vars

./components/PostActions/fight/Engagement.tsx
24:3  Warning: 'fightId' is defined but never used. Allowed unused args must match 
/^_/u.  no-unused-vars
24:3  Warning: 'fightId' is defined but never used. Allowed unused args must match 
/^_/u.  @typescript-eslint/no-unused-vars

./components/PostActions/fight/TeamChat.tsx
24:11  Warning: 'currentUser' is assigned a value but never used. Allowed unused vars 
must match /^_/u.  no-unused-vars
24:11  Warning: 'currentUser' is assigned a value but never used. Allowed unused vars 
must match /^_/u.  @typescript-eslint/no-unused-vars

./components/PostActions/PostMenu.tsx
15:53  Warning: 'postId' is defined but never used. Allowed unused args must match 
/^_/u.  no-unused-vars
15:53  Warning: 'postId' is defined but never used. Allowed unused args must match 
/^_/u.  @typescript-eslint/no-unused-vars

./components/PostActions/ShareSheet.tsx
4:40  Warning: 'Link2' is defined but never used. Allowed unused vars must match 
/^_/u.  no-unused-vars
4:40  Warning: 'Link2' is defined but never used. Allowed unused vars must match 
/^_/u.  @typescript-eslint/no-unused-vars
13:63  Warning: 'variant' is assigned a value but never used. Allowed unused args 
must match /^_/u.  no-unused-vars
13:63  Warning: 'variant' is assigned a value but never used. Allowed unused args 
must match /^_/u.  @typescript-eslint/no-unused-vars

./components/profile/ProfileMenu.tsx
12:11  Warning: 'theme' is assigned a value but never used. Allowed unused vars must 
match /^_/u.  no-unused-vars
12:11  Warning: 'theme' is assigned a value but never used. Allowed unused vars must 
match /^_/u.  @typescript-eslint/no-unused-vars

./components/theme/ClientThemeApplier.tsx
20:9  Warning: 'prevClassRef' is assigned a value but never used. Allowed unused vars 
must match /^_/u.  no-unused-vars
20:9  Warning: 'prevClassRef' is assigned a value but never used. Allowed unused vars 
must match /^_/u.  @typescript-eslint/no-unused-vars

./components/ui/Toast.tsx
64:13  Error: Expected an assignment or function call and instead saw an expression.  
@typescript-eslint/no-unused-expressions

./components/VynceSocialUI.tsx
45:5  Warning: 'toggleSidebar' is assigned a value but never used. Allowed unused 
vars must match /^_/u.  no-unused-vars
45:5  Warning: 'toggleSidebar' is assigned a value but never used. Allowed unused 
vars must match /^_/u.  @typescript-eslint/no-unused-vars

./lib/store.ts
23:20  Warning: 'page' is defined but never used. Allowed unused args must match 
/^_/u.  no-unused-vars
27:20  Warning: 'open' is defined but never used. Allowed unused args must match 
/^_/u.  no-unused-vars
32:21  Warning: 'theme' is defined but never used. Allowed unused args must match 
/^_/u.  no-unused-vars
36:26  Warning: 'show' is defined but never used. Allowed unused args must match 
/^_/u.  no-unused-vars
42:16  Warning: 'postId' is defined but never used. Allowed unused args must match 
/^_/u.  no-unused-vars
43:19  Warning: 'postId' is defined but never used. Allowed unused args must match 
/^_/u.  no-unused-vars
44:16  Warning: 'postId' is defined but never used. Allowed unused args must match 
/^_/u.  no-unused-vars
57:20  Warning: 'user' is defined but never used. Allowed unused args must match 
/^_/u.  no-unused-vars
61:19  Warning: 'energy' is defined but never used. Allowed unused args must match 
/^_/u.  no-unused-vars
65:28  Warning: 'index' is defined but never used. Allowed unused args must match 
/^_/u.  no-unused-vars
69:21  Warning: 'fightId' is defined but never used. Allowed unused args must match 
/^_/u.  no-unused-vars
69:38  Warning: 'team' is defined but never used. Allowed unused args must match 
/^_/u.  no-unused-vars
81:20  Warning: 'fightId' is defined but never used. Allowed unused args must match 
/^_/u.  no-unused-vars
81:37  Warning: 'team' is defined but never used. Allowed unused args must match 
/^_/u.  no-unused-vars
81:62  Warning: 'message' is defined but never used. Allowed unused args must match 
/^_/u.  no-unused-vars
82:21  Warning: 'fightId' is defined but never used. Allowed unused args must match 
/^_/u.  no-unused-vars
82:38  Warning: 'team' is defined but never used. Allowed unused args must match 
/^_/u.  no-unused-vars
86:24  Warning: 'argumentId' is defined but never used. Allowed unused args must 
match /^_/u.  no-unused-vars
86:44  Warning: 'voteType' is defined but never used. Allowed unused args must match 
/^_/u.  no-unused-vars
97:5  Warning: 'message' is defined but never used. Allowed unused args must match 
/^_/u.  no-unused-vars
98:5  Warning: 'type' is defined but never used. Allowed unused args must match 
/^_/u.  no-unused-vars
99:5  Warning: 'duration' is defined but never used. Allowed unused args must match 
/^_/u.  no-unused-vars
100:5  Warning: 'actionLabel' is defined but never used. Allowed unused args must 
match /^_/u.  no-unused-vars
101:5  Warning: 'action' is defined but never used. Allowed unused args must match 
/^_/u.  no-unused-vars
240:21  Warning: 'fightId' is defined but never used. Allowed unused args must match 
/^_/u.  no-unused-vars
240:21  Warning: 'fightId' is defined but never used. Allowed unused args must match 
/^_/u.  @typescript-eslint/no-unused-vars
240:38  Warning: 'team' is defined but never used. Allowed unused args must match 
/^_/u.  no-unused-vars
240:38  Warning: 'team' is defined but never used. Allowed unused args must match 
/^_/u.  @typescript-eslint/no-unused-vars
294:5  Warning: 'duration' is assigned a value but never used. Allowed unused args 
must match /^_/u.  no-unused-vars
294:5  Warning: 'duration' is assigned a value but never used. Allowed unused args 
must match /^_/u.  @typescript-eslint/no-unused-vars

info  - Need to disable some ESLint rules? Learn more here: 
https://nextjs.org/docs/app/api-reference/config/eslint#disabling-rules
